C51 COMPILER V8.08   DHT11                                                                 05/31/2017 19:30:52 PAGE 1   


C51 COMPILER V8.08, COMPILATION OF MODULE DHT11
OBJECT MODULE PLACED IN ..\output\DHT11.obj
COMPILER INVOKED BY: C:\Keil\C51\BIN\C51.EXE ..\source\DHT11.c BROWSE DEBUG OBJECTEXTEND PRINT(.\DHT11.lst) OBJECT(..\ou
                    -tput\DHT11.obj)

line level    source

   1          #include "config.h"
   2          #include "dht11.h"
   3          
   4          #define _DHT11_C
   5          
   6          #define NUMBER 20
   7          uint8 cntThr = 0;
   8          
   9          void DelayX10us(uint16 x)
  10          {
  11   1              
  12   1              do{
  13   2                      _nop_();
  14   2                      _nop_();
  15   2              }while(--x);    
  16   1      }
  17          
  18          bit DHT11GetACK()
  19          {
  20   1              bit ack;
  21   1      
  22   1              DHT11_DATA = 0;
  23   1              DelayX10us(2000);//延时20ms
  24   1              DHT11_DATA = 1;                                                            
  25   1              DelayX10us(4);
  26   1              ack = DHT11_DATA;
  27   1              
  28   1              return ~ack;    
  29   1      }
  30          
  31          
  32          bit DHT11GetData(uint8* humi, uint8* temp) 
  33          {
  34   1              bit ack;
  35   1              uint8 i,j;
  36   1              uint8 mdat[5];
  37   1      
  38   1              EA = 0;
  39   1              ack = DHT11GetACK();
  40   1              if(!ack)return ack;  //读数失败
  41   1              cntThr = 0;
  42   1              while(!DHT11_DATA && cntThr++ < NUMBER);          //等待DHT11拉高电平
  43   1              if(cntThr >= NUMBER){
  44   2                      DHT11_DATA = 1;
  45   2                      EA = 1;
  46   2                      return 0;
  47   2              }
  48   1              DelayX10us(8);  
  49   1      
  50   1              for(i = 0; i < 5; i++){
  51   2                      for(j = 0; j < 8; j++){
  52   3                              cntThr = 0;
  53   3                              while(!DHT11_DATA && cntThr++ < NUMBER);        //等待高电平到来
  54   3                              if(cntThr >= NUMBER){
C51 COMPILER V8.08   DHT11                                                                 05/31/2017 19:30:52 PAGE 2   

  55   4                                      DHT11_DATA = 1;
  56   4                                      EA = 1;
  57   4                                      return 0;
  58   4                              }                 
  59   3                              DelayX10us(3);
  60   3                              mdat[i] <<= 1;
  61   3                              if(DHT11_DATA){ //若为高电平
  62   4                                      mdat[i] |= 0x01;
  63   4                                      DelayX10us(3);//将高电平延时过去
  64   4                              }
  65   3                      }       
  66   2              }
  67   1      
  68   1              *humi = mdat[0];
  69   1              *temp = mdat[2];
  70   1              EA = 1;
  71   1              return 1;       
  72   1      }


MODULE INFORMATION:   STATIC OVERLAYABLE
   CODE SIZE        =    192    ----
   CONSTANT SIZE    =   ----    ----
   XDATA SIZE       =   ----    ----
   PDATA SIZE       =   ----    ----
   DATA SIZE        =      1      11
   IDATA SIZE       =   ----    ----
   BIT SIZE         =   ----       2
END OF MODULE INFORMATION.


C51 COMPILATION COMPLETE.  0 WARNING(S),  0 ERROR(S)
