C51 COMPILER V8.08   DS1302                                                                06/01/2017 10:53:22 PAGE 1   


C51 COMPILER V8.08, COMPILATION OF MODULE DS1302
OBJECT MODULE PLACED IN ..\output\DS1302.obj
COMPILER INVOKED BY: C:\Keil\C51\BIN\C51.EXE ..\source\DS1302.c BROWSE DEBUG OBJECTEXTEND PRINT(.\DS1302.lst) OBJECT(..\
                    -output\DS1302.obj)

line level    source

   1          #define _DS1302_C
   2          #include "config.h"
   3          #include "DS1302.h"
   4          
   5          struct sTime timeMod;
   6          
   7          uint8 DS1302ReadByte()
   8          {
   9   1              uint8 mask;
  10   1              uint8 dat = 0;
  11   1      
  12   1              for(mask = 0x01; mask != 0; mask <<= 1)
  13   1              {
  14   2                      if(DS1302_IO){
  15   3                              dat |= mask; 
  16   3                      }
  17   2                      DS1302_CK = 1;
  18   2                      DS1302_CK = 0;  
  19   2              }
  20   1              return dat;
  21   1      }
  22          
  23          void DS1302WriteByte(uint8 dat)
  24          {
  25   1              uint8 mask;
  26   1      
  27   1              for(mask = 0x01; mask != 0; mask <<= 1)
  28   1              {
  29   2                      if((mask & dat) == 0){
  30   3                              DS1302_IO = 0;
  31   3                      }else{
  32   3                              DS1302_IO = 1;
  33   3                      }
  34   2                      
  35   2                      DS1302_CK = 1;
  36   2                      DS1302_CK = 0;          
  37   2              }
  38   1      }
  39          
  40          void DS1302BurstRead(struct sTime* time)
  41          {
  42   1              DS1302_CE = 1;
  43   1              DS1302WriteByte(0xBF); //Brust读模式
  44   1              time->sec = DS1302ReadByte();
  45   1              time->min = DS1302ReadByte();
  46   1              time->hour = DS1302ReadByte();
  47   1              time->day = DS1302ReadByte();
  48   1              time->month = DS1302ReadByte();
  49   1              time->week = DS1302ReadByte();
  50   1              time->year = DS1302ReadByte();
  51   1              DS1302_CE = 0;
  52   1      
  53   1              time->sec &= 0x7F;
  54   1      }
C51 COMPILER V8.08   DS1302                                                                06/01/2017 10:53:22 PAGE 2   

  55          
  56          void DS1302BurstWrite(struct sTime* time)
  57          {
  58   1              DS1302_CE = 1;
  59   1              DS1302WriteByte(0xBE); //Brust写模式
  60   1              DS1302WriteByte(time->sec);
  61   1              DS1302WriteByte(time->min);
  62   1              DS1302WriteByte(time->hour);
  63   1              DS1302WriteByte(time->day);
  64   1              DS1302WriteByte(time->month);
  65   1              DS1302WriteByte(time->week);
  66   1              DS1302WriteByte(time->year);
  67   1              DS1302WriteByte(0x00);
  68   1              DS1302_CE = 0;  
  69   1      }
  70          
  71          uint8 DS1302SingleRead(uint8 reg)
  72          {
  73   1              uint8 dat;
  74   1      
  75   1              DS1302_CE = 1;
  76   1              DS1302WriteByte((reg << 1) | 0x81);
  77   1              dat = DS1302ReadByte();
  78   1              DS1302_CE = 0;
  79   1              return dat;
  80   1      }
  81          
  82          void DS1302SingleWrite(uint8 reg, uint8 dat)
  83          {       
  84   1              DS1302_CE = 1;
  85   1              DS1302WriteByte((reg << 1) | 0x80);
  86   1              DS1302WriteByte(dat);
  87   1              DS1302_CE = 0;
  88   1      }
  89          
  90          void InitDS1302()
  91          {
  92   1              uint8 i;
  93   1              struct sTime initTime;
  94   1      
  95   1              initTime.year = 0x17;
  96   1              initTime.month = 0x05;
  97   1              initTime.day = 0x09;
  98   1              initTime.hour = 0x12;
  99   1              initTime.min = 0x55;
 100   1              initTime.sec = 0x00;
 101   1              initTime.week = 0x02;
 102   1      
 103   1              DS1302_CK = 0;
 104   1              DS1302_CE = 0;
 105   1      
 106   1              i = DS1302SingleRead(0);
 107   1              if((i & 0x80) != 0)     //如果1302没有处于工作状态
 108   1              {
 109   2                      DS1302SingleWrite(7, 0x00); //取消写保护
 110   2                      DS1302BurstWrite(&initTime); //进行初始化               
 111   2              }
 112   1      }


MODULE INFORMATION:   STATIC OVERLAYABLE
   CODE SIZE        =    267    ----
C51 COMPILER V8.08   DS1302                                                                06/01/2017 10:53:22 PAGE 3   

   CONSTANT SIZE    =   ----    ----
   XDATA SIZE       =   ----    ----
   PDATA SIZE       =   ----    ----
   DATA SIZE        =      8       8
   IDATA SIZE       =   ----    ----
   BIT SIZE         =   ----    ----
END OF MODULE INFORMATION.


C51 COMPILATION COMPLETE.  0 WARNING(S),  0 ERROR(S)
