C51 COMPILER V8.08   KEYBOARD                                                              06/11/2017 19:05:48 PAGE 1   


C51 COMPILER V8.08, COMPILATION OF MODULE KEYBOARD
OBJECT MODULE PLACED IN ..\output\keyboard.obj
COMPILER INVOKED BY: C:\Keil\C51\BIN\C51.EXE ..\source\keyboard.c BROWSE DEBUG OBJECTEXTEND PRINT(.\keyboard.lst) OBJECT
                    -(..\output\keyboard.obj)

line level    source

   1          #define _KEYBOARD_C
   2          #include "config.h"
   3          #include "keyboard.h"
   4          #include "time.h"
   5          
   6          bit flag200ms = 0;
   7          bit flag1s = 0;
   8          bit flagBuzzOn = 0;
   9          
  10          uint8 T0RH = 0;
  11          uint8 T0RL = 0;
  12          
  13          uint8 pdata keySta[4]={1,1,1,1};
  14          
  15          uint8 code keyCodeMap[4] = { //矩阵按键编号到标准键盘键码的映射表
  16                  0x26, 0x1B, 0x0D, 0x27   //向上键、 ESC键、  回车键、 向右键
  17          };
  18          
  19          void ClearTremble()
  20          {
  21   1              uint8 i;
  22   1      
  23   1              static uint8 pdata state[4] = {0x0F,0x0F,0x0F,0x0F};
  24   1      
  25   1              state[0] = (state[0] << 1) | KeyAdj;
  26   1              state[1] = (state[1] << 1) | KeyCancel;
  27   1              state[2] = (state[2] << 1) | KeySet;
  28   1              state[3] = (state[3] << 1) | KeyPage;
  29   1      
  30   1              for(i = 0; i < 4; i++)
  31   1              {
  32   2                      if((state[i] & 0x0F) == 0x0F)
  33   2                      {
  34   3                              keySta[i] = 1;
  35   3                      }else if((state[i] & 0x0F) == 0x00){
  36   3                              keySta[i] = 0;
  37   3                      }else{
  38   3                      }
  39   2              }
  40   1      }
  41          
  42          void KeyDriver()
  43          {
  44   1              static uint8 pdata keyBuf[4]={1,1,1,1};
  45   1              static uint16 ethBuf = 0, enterThreshold = 1000;
  46   1      
  47   1              uint8 i;
  48   1      
  49   1              for(i = 0; i < 4; i++)
  50   1              {
  51   2                      if(keyCodeMap[i] == 0x26) //长按向上键连续增加
  52   2                      {
  53   3                              if(keyBuf[i] == 0){
  54   4                                      ethBuf += 1;
C51 COMPILER V8.08   KEYBOARD                                                              06/11/2017 19:05:48 PAGE 2   

  55   4                                      if(ethBuf > enterThreshold){
  56   5                                              KeyAction(0x26);
  57   5                                              enterThreshold += 100;
  58   5                                      }
  59   4                              }else{
  60   4                                      ethBuf = 0;
  61   4                                      enterThreshold = 1000;
  62   4                              }               
  63   3                      }
  64   2      
  65   2                      if(keyBuf[i] != keySta[i])
  66   2                      {
  67   3                              if(keyBuf[i] == 0x01)
  68   3                              {
  69   4                                      KeyAction(keyCodeMap[i]);
  70   4                              }
  71   3                              keyBuf[i] = keySta[i];
  72   3                      }
  73   2              }       
  74   1      }
  75          
  76          void ConfigTimerZero(uint8 ms)
  77          {
  78   1              uint16 tmp;
  79   1      
  80   1              tmp = 65536 - SYS_CLK/1000*ms + 18;
  81   1      
  82   1              T0RH = (uint8)(tmp >> 8);
  83   1              T0RL = (uint8)(tmp & 0x0F);
  84   1      
  85   1              TMOD &= 0xF0;
  86   1              TMOD |= 0x01;
  87   1      
  88   1              TH0 = T0RH;
  89   1              TL0 = T0RL;
  90   1      
  91   1              TR0 = 1;
  92   1              ET0 = 1;
  93   1              PT1 = 1;
  94   1      }
  95          
  96          void InterruptTimerZero() interrupt 1
  97          {
  98   1              static uint8 cnt100ms = 0, cnt200ms = 0, cnt1s = 0, flute = 0;
  99   1              static uint16 cnt300ms = 0;
 100   1      
 101   1              TH0 = T0RH;
 102   1              TL0 = T0RL;
 103   1      
 104   1              cnt100ms++;                     
 105   1              if(cnt100ms >= 100) //200ms定时器
 106   1              {
 107   2                      cnt100ms = 0;
 108   2                      cnt200ms++;
 109   2                      if(cnt200ms >= 2)
 110   2                      {
 111   3                              cnt200ms = 0;
 112   3                              flag200ms = 1;
 113   3                      }
 114   2                      cnt1s++;                //1s定时器
 115   2                      if(cnt1s >= 10)
 116   2                      {
C51 COMPILER V8.08   KEYBOARD                                                              06/11/2017 19:05:48 PAGE 3   

 117   3                              cnt1s = 0;
 118   3                              flag1s = 1;
 119   3                      }
 120   2              }
 121   1      
 122   1              if(flagBuzzOn)
 123   1              {
 124   2                      switch(flute)
 125   2                      {
 126   3                              case 0:
 127   3                              case 2:
 128   3                              case 4:
 129   3                                      BUZZ = ~BUZZ;
 130   3                                      if(cnt100ms >= 99)flute++;
 131   3                                      break;
 132   3                              case 1:
 133   3                              case 3:
 134   3                              case 5:
 135   3                                      if(cnt100ms >= 99)flute++;
 136   3                                      break;                          
 137   3                              case 6:
 138   3                                      BUZZ = ~BUZZ;
 139   3                                      cnt300ms++;
 140   3                                      if(cnt300ms >= 300)
 141   3                                      {
 142   4                                              cnt300ms = 0;
 143   4                                              flute++;
 144   4                                      }
 145   3                                      break;
 146   3                              case 7:
 147   3                                      if(cnt100ms >= 99)flute = 0;
 148   3                                      break;
 149   3                              default: break;
 150   3                      }
 151   2              }
 152   1      
 153   1              ClearTremble();
 154   1      }


MODULE INFORMATION:   STATIC OVERLAYABLE
   CODE SIZE        =    433    ----
   CONSTANT SIZE    =      4    ----
   XDATA SIZE       =   ----    ----
   PDATA SIZE       =     12    ----
   DATA SIZE        =     12       1
   IDATA SIZE       =   ----    ----
   BIT SIZE         =      3    ----
END OF MODULE INFORMATION.


C51 COMPILATION COMPLETE.  0 WARNING(S),  0 ERROR(S)
