C51 COMPILER V8.08   MAIN                                                                  05/28/2017 18:48:26 PAGE 1   


C51 COMPILER V8.08, COMPILATION OF MODULE MAIN
OBJECT MODULE PLACED IN ..\output\main.obj
COMPILER INVOKED BY: C:\Keil\C51\BIN\C51.EXE ..\source\main.c BROWSE DEBUG OBJECTEXTEND PRINT(.\main.lst) OBJECT(..\outp
                    -ut\main.obj)

line level    source

   1          #include "config.h"
   2          #include "ds1302.h"
   3          #include "lcd12864.h"
   4          #include "keyboard.h"
   5          #include "time.h"
   6          #include "DHT11.h"
   7          
   8          bit flag200ms = 0;
   9          bit flag2s = 0;
  10          
  11          uint8 T0RH = 0;
  12          uint8 T0RL = 0;
  13          
  14          void ConfigureTimerZero(uint8 ms);
  15          
  16          void main()
  17          {
  18   1              EA = 1; 
  19   1              InitDS1302();                                                                             
  20   1              InitLCD12864();
  21   1              ConfigureTimerZero(10);
  22   1              ConfigureDHT11();
  23   1      
  24   1              while(1)
  25   1              {
  26   2                      if(flag200ms){
  27   3                              flag200ms = 0;
  28   3                              ShowCurrentTime();
  29   3                      }
  30   2      
  31   2                      if(flag2s)
  32   2                      {
  33   3                              flag2s = 0;
  34   3                              ShowTemp();
  35   3                      }
  36   2              }
  37   1      }
  38          
  39          void ConfigureTimerZero(uint8 ms)
  40          {
  41   1              uint16 tmp;
  42   1      
  43   1              tmp = 11059200/12/1000*ms;
  44   1              tmp = 65536 - tmp+18;
  45   1      
  46   1              T0RH = (uint8)(tmp >> 8);
  47   1              T0RL = (uint8) tmp;
  48   1      
  49   1              TMOD &= 0xF0;
  50   1              TMOD |= 0x01;
  51   1      
  52   1              TH0 = T0RH;
  53   1              TL0 = T0RL;
  54   1      
C51 COMPILER V8.08   MAIN                                                                  05/28/2017 18:48:26 PAGE 2   

  55   1              TR0 = 1;
  56   1              ET0 = 1;
  57   1      }
  58          
  59          void InterruptTimerZero() interrupt 1
  60          {
  61   1              static uint8 cnt200ms = 0;
  62   1              static uint8 cnt2s = 0;
  63   1      
  64   1              TH0 = T0RH;
  65   1              TL0 = T0RL;     
  66   1      
  67   1              cnt200ms++;
  68   1              if(cnt200ms >= 20)
  69   1              {
  70   2                      cnt200ms = 0;
  71   2                      flag200ms = 1;
  72   2              }
  73   1      
  74   1              cnt2s++;
  75   1              if(cnt2s >= 200)
  76   1              {
  77   2                      cnt2s = 0;
  78   2                      flag2s = 1;
  79   2              }
  80   1      
  81   1      } 


MODULE INFORMATION:   STATIC OVERLAYABLE
   CODE SIZE        =    122    ----
   CONSTANT SIZE    =   ----    ----
   XDATA SIZE       =   ----    ----
   PDATA SIZE       =   ----    ----
   DATA SIZE        =      4    ----
   IDATA SIZE       =   ----    ----
   BIT SIZE         =      2    ----
END OF MODULE INFORMATION.


C51 COMPILATION COMPLETE.  0 WARNING(S),  0 ERROR(S)
